<?xml version="1.0" encoding="UTF-8"?>
<TestRun id="72d1941e-4baf-4ddf-8535-4d9d886a8c60" name="Gabe@GABELAPTOP 2013-05-10 06:34:20" runUser="GabeLaptop\Gabe" xmlns="http://microsoft.com/schemas/VisualStudio/TeamTest/2010">
  <TestSettings name="Local" id="b4204d14-bb82-430b-85df-e075814a44fe">
    <Description>These are default test settings for a local test run.</Description>
    <Deployment enabled="false" runDeploymentRoot="Gabe_GABELAPTOP 2013-05-10 06_34_20">
      <DeploymentItem filename="C:\Projects\thoughtWorks\Final\final_2\marsRover\marsRover\bin\Debug\marsRover.dll" />
    </Deployment>
    <Execution>
      <TestTypeSpecific />
      <AgentRule name="Execution Agents">
      </AgentRule>
    </Execution>
  </TestSettings>
  <Times creation="2013-05-10T06:34:20.1497051-04:00" queuing="2013-05-10T06:34:20.1727065-04:00" start="2013-05-10T06:34:20.2027082-04:00" finish="2013-05-10T06:34:20.4417218-04:00" />
  <ResultSummary outcome="Completed">
    <Counters total="3" executed="3" passed="3" error="0" failed="0" timeout="0" aborted="0" inconclusive="0" passedButRunAborted="0" notRunnable="0" notExecuted="0" disconnected="0" warning="0" completed="0" inProgress="0" pending="0" />
  </ResultSummary>
  <TestDefinitions>
    <UnitTest name="TestMethod2" storage="c:\projects\thoughtworks\final\final_2\marsrover\marsrovertesting\bin\debug\marsrovertesting.dll" id="1265bfe2-95f8-9db6-141c-a5dcbab0587a">
      <Execution id="36b9957f-5dfa-4efc-a889-134b0a249670" />
      <TestMethod codeBase="C:/Projects/thoughtWorks/Final/final_2/marsRover/marsRoverTesting/bin/Debug/marsRoverTesting.DLL" adapterTypeName="Microsoft.VisualStudio.TestTools.TestTypes.Unit.UnitTestAdapter, Microsoft.VisualStudio.QualityTools.Tips.UnitTest.Adapter, Version=10.0.0.0, Culture=neutral, PublicKeyToken=b03f5f7f11d50a3a" className="marsRoverTesting.RoverTest, marsRoverTesting, Version=1.0.0.0, Culture=neutral, PublicKeyToken=null" name="TestMethod2" />
    </UnitTest>
    <UnitTest name="TestMethod1" storage="c:\projects\thoughtworks\final\final_2\marsrover\marsrovertesting\bin\debug\marsrovertesting.dll" id="c5e4e0f4-5428-f5cf-677b-e0674ca723c7">
      <Execution id="15155c7b-261d-401b-8b51-e094b691f86f" />
      <TestMethod codeBase="C:/Projects/thoughtWorks/Final/final_2/marsRover/marsRoverTesting/bin/Debug/marsRoverTesting.DLL" adapterTypeName="Microsoft.VisualStudio.TestTools.TestTypes.Unit.UnitTestAdapter, Microsoft.VisualStudio.QualityTools.Tips.UnitTest.Adapter, Version=10.0.0.0, Culture=neutral, PublicKeyToken=b03f5f7f11d50a3a" className="marsRoverTesting.RoverTest, marsRoverTesting, Version=1.0.0.0, Culture=neutral, PublicKeyToken=null" name="TestMethod1" />
    </UnitTest>
    <UnitTest name="TestMethod3" storage="c:\projects\thoughtworks\final\final_2\marsrover\marsrovertesting\bin\debug\marsrovertesting.dll" id="f3afbfe8-a921-ef21-f941-019248f0024d">
      <Execution id="6572b656-e6f0-4be4-b598-268df4d0dbda" />
      <TestMethod codeBase="C:/Projects/thoughtWorks/Final/final_2/marsRover/marsRoverTesting/bin/Debug/marsRoverTesting.DLL" adapterTypeName="Microsoft.VisualStudio.TestTools.TestTypes.Unit.UnitTestAdapter, Microsoft.VisualStudio.QualityTools.Tips.UnitTest.Adapter, Version=10.0.0.0, Culture=neutral, PublicKeyToken=b03f5f7f11d50a3a" className="marsRoverTesting.RoverTest, marsRoverTesting, Version=1.0.0.0, Culture=neutral, PublicKeyToken=null" name="TestMethod3" />
    </UnitTest>
  </TestDefinitions>
  <TestLists>
    <TestList name="Results Not in a List" id="8c84fa94-04c1-424b-9868-57a2d4851a1d" />
    <TestList name="All Loaded Results" id="19431567-8539-422a-85d7-44ee4e166bda" />
  </TestLists>
  <TestEntries>
    <TestEntry testId="1265bfe2-95f8-9db6-141c-a5dcbab0587a" executionId="36b9957f-5dfa-4efc-a889-134b0a249670" testListId="8c84fa94-04c1-424b-9868-57a2d4851a1d" />
    <TestEntry testId="c5e4e0f4-5428-f5cf-677b-e0674ca723c7" executionId="15155c7b-261d-401b-8b51-e094b691f86f" testListId="8c84fa94-04c1-424b-9868-57a2d4851a1d" />
    <TestEntry testId="f3afbfe8-a921-ef21-f941-019248f0024d" executionId="6572b656-e6f0-4be4-b598-268df4d0dbda" testListId="8c84fa94-04c1-424b-9868-57a2d4851a1d" />
  </TestEntries>
  <Results>
    <UnitTestResult executionId="36b9957f-5dfa-4efc-a889-134b0a249670" testId="1265bfe2-95f8-9db6-141c-a5dcbab0587a" testName="TestMethod2" computerName="GABELAPTOP" duration="00:00:00.0177847" startTime="2013-05-10T06:34:20.2037082-04:00" endTime="2013-05-10T06:34:20.4097200-04:00" testType="13cdc9d9-ddb5-4fa4-a97d-d965ccfc6d4b" outcome="Passed" testListId="8c84fa94-04c1-424b-9868-57a2d4851a1d" relativeResultsDirectory="36b9957f-5dfa-4efc-a889-134b0a249670">
    </UnitTestResult>
    <UnitTestResult executionId="15155c7b-261d-401b-8b51-e094b691f86f" testId="c5e4e0f4-5428-f5cf-677b-e0674ca723c7" testName="TestMethod1" computerName="GABELAPTOP" duration="00:00:00.0008042" startTime="2013-05-10T06:34:20.4107201-04:00" endTime="2013-05-10T06:34:20.4167204-04:00" testType="13cdc9d9-ddb5-4fa4-a97d-d965ccfc6d4b" outcome="Passed" testListId="8c84fa94-04c1-424b-9868-57a2d4851a1d" relativeResultsDirectory="15155c7b-261d-401b-8b51-e094b691f86f">
    </UnitTestResult>
    <UnitTestResult executionId="6572b656-e6f0-4be4-b598-268df4d0dbda" testId="f3afbfe8-a921-ef21-f941-019248f0024d" testName="TestMethod3" computerName="GABELAPTOP" duration="00:00:00.0005201" startTime="2013-05-10T06:34:20.4207206-04:00" endTime="2013-05-10T06:34:20.4247209-04:00" testType="13cdc9d9-ddb5-4fa4-a97d-d965ccfc6d4b" outcome="Passed" testListId="8c84fa94-04c1-424b-9868-57a2d4851a1d" relativeResultsDirectory="6572b656-e6f0-4be4-b598-268df4d0dbda">
    </UnitTestResult>
  </Results>
</TestRun>