<?xml version="1.0" encoding="UTF-8"?>
<TestRun id="7309f570-4e93-4534-b92c-51b616a706cf" name="Gabe@GABELAPTOP 2013-05-10 06:34:04" runUser="GabeLaptop\Gabe" xmlns="http://microsoft.com/schemas/VisualStudio/TeamTest/2010">
  <TestSettings name="Local" id="b4204d14-bb82-430b-85df-e075814a44fe">
    <Description>These are default test settings for a local test run.</Description>
    <Deployment enabled="false" runDeploymentRoot="Gabe_GABELAPTOP 2013-05-10 06_34_04">
      <DeploymentItem filename="C:\Projects\thoughtWorks\Final\final_2\marsRover\marsRover\bin\Debug\marsRover.dll" />
    </Deployment>
    <Execution>
      <TestTypeSpecific />
      <AgentRule name="Execution Agents">
      </AgentRule>
    </Execution>
  </TestSettings>
  <Times creation="2013-05-10T06:34:04.2117935-04:00" queuing="2013-05-10T06:34:04.4258058-04:00" start="2013-05-10T06:34:04.4858092-04:00" finish="2013-05-10T06:34:04.8638308-04:00" />
  <ResultSummary outcome="Completed">
    <Counters total="3" executed="3" passed="3" error="0" failed="0" timeout="0" aborted="0" inconclusive="0" passedButRunAborted="0" notRunnable="0" notExecuted="0" disconnected="0" warning="0" completed="0" inProgress="0" pending="0" />
  </ResultSummary>
  <TestDefinitions>
    <UnitTest name="TestMethod2" storage="c:\projects\thoughtworks\final\final_2\marsrover\marsrovertesting\bin\debug\marsrovertesting.dll" id="1265bfe2-95f8-9db6-141c-a5dcbab0587a">
      <Execution id="2a28c261-1a9b-4311-a2fa-a819f366a9f3" />
      <TestMethod codeBase="C:/Projects/thoughtWorks/Final/final_2/marsRover/marsRoverTesting/bin/Debug/marsRoverTesting.DLL" adapterTypeName="Microsoft.VisualStudio.TestTools.TestTypes.Unit.UnitTestAdapter, Microsoft.VisualStudio.QualityTools.Tips.UnitTest.Adapter, Version=10.0.0.0, Culture=neutral, PublicKeyToken=b03f5f7f11d50a3a" className="marsRoverTesting.RoverTest, marsRoverTesting, Version=1.0.0.0, Culture=neutral, PublicKeyToken=null" name="TestMethod2" />
    </UnitTest>
    <UnitTest name="TestMethod1" storage="c:\projects\thoughtworks\final\final_2\marsrover\marsrovertesting\bin\debug\marsrovertesting.dll" id="c5e4e0f4-5428-f5cf-677b-e0674ca723c7">
      <Execution id="211e6564-c0e7-4ce5-b3b1-3c62388df7a1" />
      <TestMethod codeBase="C:/Projects/thoughtWorks/Final/final_2/marsRover/marsRoverTesting/bin/Debug/marsRoverTesting.DLL" adapterTypeName="Microsoft.VisualStudio.TestTools.TestTypes.Unit.UnitTestAdapter, Microsoft.VisualStudio.QualityTools.Tips.UnitTest.Adapter, Version=10.0.0.0, Culture=neutral, PublicKeyToken=b03f5f7f11d50a3a" className="marsRoverTesting.RoverTest, marsRoverTesting, Version=1.0.0.0, Culture=neutral, PublicKeyToken=null" name="TestMethod1" />
    </UnitTest>
    <UnitTest name="TestMethod3" storage="c:\projects\thoughtworks\final\final_2\marsrover\marsrovertesting\bin\debug\marsrovertesting.dll" id="f3afbfe8-a921-ef21-f941-019248f0024d">
      <Execution id="d1d34caa-7700-4b33-b271-53faa17769b3" />
      <TestMethod codeBase="C:/Projects/thoughtWorks/Final/final_2/marsRover/marsRoverTesting/bin/Debug/marsRoverTesting.DLL" adapterTypeName="Microsoft.VisualStudio.TestTools.TestTypes.Unit.UnitTestAdapter, Microsoft.VisualStudio.QualityTools.Tips.UnitTest.Adapter, Version=10.0.0.0, Culture=neutral, PublicKeyToken=b03f5f7f11d50a3a" className="marsRoverTesting.RoverTest, marsRoverTesting, Version=1.0.0.0, Culture=neutral, PublicKeyToken=null" name="TestMethod3" />
    </UnitTest>
  </TestDefinitions>
  <TestLists>
    <TestList name="Results Not in a List" id="8c84fa94-04c1-424b-9868-57a2d4851a1d" />
    <TestList name="All Loaded Results" id="19431567-8539-422a-85d7-44ee4e166bda" />
  </TestLists>
  <TestEntries>
    <TestEntry testId="1265bfe2-95f8-9db6-141c-a5dcbab0587a" executionId="2a28c261-1a9b-4311-a2fa-a819f366a9f3" testListId="8c84fa94-04c1-424b-9868-57a2d4851a1d" />
    <TestEntry testId="c5e4e0f4-5428-f5cf-677b-e0674ca723c7" executionId="211e6564-c0e7-4ce5-b3b1-3c62388df7a1" testListId="8c84fa94-04c1-424b-9868-57a2d4851a1d" />
    <TestEntry testId="f3afbfe8-a921-ef21-f941-019248f0024d" executionId="d1d34caa-7700-4b33-b271-53faa17769b3" testListId="8c84fa94-04c1-424b-9868-57a2d4851a1d" />
  </TestEntries>
  <Results>
    <UnitTestResult executionId="2a28c261-1a9b-4311-a2fa-a819f366a9f3" testId="1265bfe2-95f8-9db6-141c-a5dcbab0587a" testName="TestMethod2" computerName="GABELAPTOP" duration="00:00:00.0189034" startTime="2013-05-10T06:34:04.4938097-04:00" endTime="2013-05-10T06:34:04.7758258-04:00" testType="13cdc9d9-ddb5-4fa4-a97d-d965ccfc6d4b" outcome="Passed" testListId="8c84fa94-04c1-424b-9868-57a2d4851a1d" relativeResultsDirectory="2a28c261-1a9b-4311-a2fa-a819f366a9f3">
    </UnitTestResult>
    <UnitTestResult executionId="211e6564-c0e7-4ce5-b3b1-3c62388df7a1" testId="c5e4e0f4-5428-f5cf-677b-e0674ca723c7" testName="TestMethod1" computerName="GABELAPTOP" duration="00:00:00.0006695" startTime="2013-05-10T06:34:04.7778259-04:00" endTime="2013-05-10T06:34:04.7828262-04:00" testType="13cdc9d9-ddb5-4fa4-a97d-d965ccfc6d4b" outcome="Passed" testListId="8c84fa94-04c1-424b-9868-57a2d4851a1d" relativeResultsDirectory="211e6564-c0e7-4ce5-b3b1-3c62388df7a1">
    </UnitTestResult>
    <UnitTestResult executionId="d1d34caa-7700-4b33-b271-53faa17769b3" testId="f3afbfe8-a921-ef21-f941-019248f0024d" testName="TestMethod3" computerName="GABELAPTOP" duration="00:00:00.0005550" startTime="2013-05-10T06:34:04.7838263-04:00" endTime="2013-05-10T06:34:04.7918267-04:00" testType="13cdc9d9-ddb5-4fa4-a97d-d965ccfc6d4b" outcome="Passed" testListId="8c84fa94-04c1-424b-9868-57a2d4851a1d" relativeResultsDirectory="d1d34caa-7700-4b33-b271-53faa17769b3">
    </UnitTestResult>
  </Results>
</TestRun>